instructions: BUY FIN:EHTH 50000
instructions: BUY FIN:TW 20000
instructions: BUY FIN:AI 5000instructions: BUY FIN:IDCC 5000
instructions: BUY FIN:STX 20000
instructions: BUY FIN:TMUS 10000
instructions: BUY FIN:AAPL 20000
instructions: BUY FIN:AAPL 20000instructions: BUY FIN:AAPL 20000
instructions: BUY FIN:IONQ 10000instructions: BUY FIN:AAPL 20000
instructions: BUY FIN:AAPL 100000
instructions: BUY FIN:AAPL 100000
instructions: BUY FIN:TW 20000
instructions: BUY FIN:AAPL 10000
instructions: BUY FIN:AAPL 20000
instructions: BUY FIN:AAPL 100000
instructions: BUY FIN:BATRK 10000
instructions: BUY FIN:AAPL 10000
instructions: BUY FIN:CTSH 10000
instructions: BUY FIN:AAPL 5000instructions: BUY FIN:AUR 10000
instructions: BUY FIN:AAPL 100000
instructions: BUY FIN:HSY 10000
instructions: BUY FIN:AAPL 100000
instructions: BUY FIN:CION 10000
instructions: SELL FIN:AAPL 64911.71
instructions: BUY FIN:NSIT 5000instructions: BUY FIN:LYV 10000
instructions: BUY FIN:EHTH 10000
instructions: BUY FIN:TDS 10000
instructions: BUY FIN:GGAAF 10000
instructions: BUY FIN:KC 10000
instructions: BUY FIN:ONTO 10000
instructions: BUY FIN:FOXA 10000
instructions: BUY FIN:AAPL 20000
instructions: SELL FIN:AAPL 10000
instructions: BUY FIN:ZM 20000
instructions: BUY FIN:WDAY 5000
instructions: BUY FIN:WBS 10000
instructions: BUY FIN:UNVGY 10000
instructions: BUY FIN:AAPL 20000
instructions: SELL FIN:ZM 5000
instructions: BUY FIN:AAPL 20000
instructions: BUY FIN:NFLX 2000
instructions: BUY FIN:ZM 10000
instructions: BUY FIN:AAPL 10000
instructions: BUY FIN:ZM 2000
instructions: BUY FIN:AAPL 20000
instructions: BUY FIN:ZM 10000
instructions: BUY FIN:WB 1000
instructions: BUY FIN:TGT 20000
instructions: BUY FIN:AAPL 20000
instructions: BUY FIN:AAPL 10000
instructions: BUY FIN:SMTC 10000
instructions: BUY FIN:WWE 10000
instructions: BUY FIN:AAPL 20000
instructions: BUY FIN:DKNG 10000
instructions: BUY FIN:AI 20000
instructions: BUY FIN:AAPL 20000
instructions: BUY FIN:AAPL 20000
instructions: BUY FIN:NFLX 10000instructions: BUY FIN:AAPL 10000
instructions: BUY FIN:SMTC 10000
instructions: BUY FIN:DKNG 10000
instructions: BUY FIN:FNKO 10000
instructions: BUY FIN:UDMY 10000
instructions: BUY FIN:NVAX 10000
instructions: BUY FIN:AAPL 20000
instructions: BUY FIN:DKNG 10000
instructions: BUY FIN:NVAX 20000
instructions: BUY FIN:AAPL 20000
instructions: BUY FIN:DKNG 10000
instructions: BUY FIN:AAPL 20000
instructions: BUY FIN:DLTR 20000
instructions: BUY FIN:HAS 5000
instructions: BUY FIN:LPLA 10000
instructions: SELL FIN:AAPL 20000
instructions: SELL FIN:ZM 20000
instructions: BUY FIN:GEHC 10000
instructions: BUY FIN:NUVA 10000
instructions: BUY FIN:AAPL 2000
instructions: BUY FIN:EHTH 10000
instructions: BUY FIN:DIS 2000instructions: BUY FIN:SSTK 10000
instructions: BUY FIN:ETSY 2000
instructions: BUY FIN:AAPL 2000
instructions: BUY FIN:V 1000
instructions: BUY FIN:UNVGY 2000
instructions: BUY FIN:AAPL 2000
instructions: BUY FIN:AAPL 2000
instructions: BUY FIN:AAPL 2000
instructions: BUY FIN:AAPL 10000instructions: BUY FIN:HOOD 1000instructions: BUY FIN:AAPL 10000
instructions: BUY FIN:AAPL 1000
BUY FIN:AMZN 1000instructions: BUY FIN:AAPL 20000
instructions: BUY FIN:AAPL 2000
instructions: BUY FIN:GENI 1000
instructions: BUY FIN:AAPL 10000
instructions: BUY FIN:EHTH 10000
instructions: BUY FIN:AAPL 20000
instructions: BUY FIN:NWSA 10000
instructions: BUY FIN:SSTK 10000
instructions: BUY FIN:AAPL 10000
instructions: BUY FIN:HQH 10000
instructions: BUY FIN:KC 1000
instructions: BUY FIN:HQH 10000
instructions: BUY FIN:AAPL 2000
instructions: BUY FIN:AAPL 2000instructions: BUY FIN:WWE 10000
instructions: SELL FIN:AAPL 10000
instructions: BUY FIN:ASXFY 1000
instructions: BUY FIN:AAPL 2000
instructions: BUY FIN:URBN 2000
instructions: BUY FIN:ICNC 2000
instructions: BUY FIN:AAPL 2000
instructions: BUY FIN:INTU 1000
instructions: BUY FIN:AAPL 2000
instructions: BUY FIN:AAPL 2000
instructions: BUY FIN:EBS 2000
instructions: BUY FIN:AAPL 2000instructions: BUY FIN:AAPL 10000
instructions: BUY FIN:AAPL 10000
instructions: BUY FIN:MSGS 2000
instructions: BUY FIN:AAPL 2000
instructions: BUY FIN:LXRX 2000
instructions: BUY FIN:EHTH 2000instructions: BUY FIN:DIS 2000
instructions: BUY FIN:AAPL 2000
instructions: BUY FIN:AAPL 2000
SELL FIN:AAPL 0
instructions: BUY FIN:AAPL 20000
instructions: BUY FIN:AAPL 20000
instructions: BUY FIN:AAPL 2000
instructions: BUY FIN:WBS 1000
instructions: BUY FIN:AAPL 2000
instructions: BUY FIN:URBN 2000
instructions: BUY FIN:MSGS 1000
instructions: BUY FIN:EHTH 10000
instructions: BUY FIN:AAPL 10000
instructions: BUY FIN:AAPL 2000
instructions: BUY FIN:SHOP 2000
instructions: BUY FIN:DIS 10000
instructions: BUY FIN:AAPL 2000
instructions: BUY FIN:AMZN 1000
BUY FIN:ROKU 500instructions: BUY FIN:AAPL 2000
instructions: BUY FIN:AAPL 2000
instructions: BUY FIN:AAPL 20000
instructions: BUY FIN:ICNC 2000
instructions: BUY FIN:ETSY 2000
instructions: BUY FIN:KT 2000
instructions: BUY FIN:EHTH 1000
BUY FIN:TMUS 1000
instructions: BUY FIN:AAPL 2000instructions: BUY FIN:AAPL 2000
instructions: BUY FIN:AAPL 2000
instructions: SELL FIN:ETSY 1000
BUY FIN:AAPL 2000instructions: BUY FIN:WWE 1000
BUY FIN:LAKERS 500instructions: BUY FIN:LAKERS 500
instructions: BUY FIN:AAPL 2000instructions: BUY FIN:AAPL 2000
instructions: BUY FIN:AAPL 2000instructions: BUY FIN:AAPL 2000
instructions: BUY FIN:AAPL 2000
instructions: BUY FIN:AAPL 2000
instructions: BUY FIN:KYWAF 1000instructions: BUY FIN:EHTH 1000
BUY FIN:TW 500
BUY FIN:AI 200
BUY FIN:IDCC 300
BUY FIN:STX 400
BUY FIN:TMUS 600
BUY FIN:AAPL 800
BUY FIN:IONQ 100
BUY FIN:BATRK 150
BUY FIN:CTSH 200
BUY FIN:AUR 50
BUY FIN:HSY 75
BUY FIN:CION 100
BUY FIN:NSIT 150
BUY FIN:LYV 200
BUY FIN:TDS 250
BUY FIN:KC 300
BUY FIN:ONTO 400
BUY FIN:FOXA 500
BUY FIN:ZM 600
BUY FIN:WDAY 700
BUY FIN:WBS 800
BUY FIN:UNVGY 900
BUY FIN:NFLX 1000
BUY FIN:WB 1100
BUY FIN:NUVA 1200
BUY FIN:DIS 1300
BUY FIN:ETSY 1400
BUY FIN:V 1500
BUY FIN:ASXFY 1600
BUY FIN:URBN 1700
BUY FIN:ICNC 1800
BUY FIN:INTU 1900
BUY FIN:KYWAF 2000instructions: BUY FIN:WWE 2000instructions: BUY FIN:AAPL 1000
BUY FIN:TMUS 1000
BUY FIN:ZM 1000
SELL FIN:ETSY 1000
SELL FIN:URBN 1000
instructions: BUY FIN:AAPL 2000instructions: BUY FIN:AAPL 2000
SELL FIN:GOOG 1000
instructions: BUY FIN:AAPL 1000
BUY FIN:ETSY 1000
instructions: BUY FIN:AAPL 2000instructions: BUY FIN:AAPL 1000
BUY FIN:AMZN 500
BUY FIN:TSLA 1000
SELL FIN:ETSY 1000
instructions: BUY FIN:AAPL 2000instructions: BUY FIN:AAPL 2000
instructions: BUY FIN:AAPL 2000
instructions: BUY FIN:AAPL 1000instructions: BUY FIN:AAPL 2000
instructions: BUY FIN:NBA 5000
instructions: BUY FIN:NKE 2000instructions: BUY FIN:AAPL 1000
BUY FIN:ZM 1000
instructions: BUY FIN:NUG 1000
SELL FIN:GSW 500
instructions: BUY FIN:AAPL 2000instructions: BUY FIN:AAPL 1000
SELL FIN:ETSY 1000
instructions: BUY FIN:AAPL 2000instructions: BUY FIN:AAPL 2000instructions: BUY FIN:AAPL 2000instructions: BUY FIN:V 1000
BUY FIN:AAPL 2000
instructions: BUY FIN:AAPL 2000
instructions: BUY FIN:AAPL 2000instructions: BUY FIN:AAPL 2000instructions: BUY FIN:AAPL 1000
instructions: BUY FIN:AAPL 2000
instructions: BUY FIN:AAPL 2000
SELL FIN:GOOG 1000
instructions: BUY FIN:AAPL 1000
BUY FIN:ZM 500instructions: BUY FIN:Milwaukee Bucks 1000
BUY FIN:Boston Celtics 500instructions: BUY FIN:TMUS 1000
instructions: BUY FIN:ELB 1000
BUY FIN:IAI 1000instructions: BUY FIN:NKE 1000
BUY FIN:ADBE 1000instructions: BUY FIN:AAPL 2000instructions: BUY FIN:AAPL 2000instructions: BUY FIN:ABBB 1000instructions: BUY FIN:AAPL 2000
instructions: BUY FIN:LVRA 1000
BUY FIN:JHRT 1000
BUY FIN:WAZW 1000
instructions: BUY FIN:AAPL 2000
instructions: BUY FIN:AAPL 2000
instructions: BUY FIN:AAPL 2000
instructions: BUY FIN:AAPL 2000instructions: BUY FIN:AAPL 2000
instructions: BUY FIN:AAPL 2000
instructions: BUY FIN:AAPL 2000instructions: BUY FIN:AAPL 2000instructions: BUY FIN:AAPL 2000
instructions: BUY FIN:AAPL 2000
instructions: BUY FIN:AAPL 2000
instructions: BUY FIN:AAPL 2000instructions: BUY FIN:AAPL 2000
instructions: BUY FIN:AAPL 2000
instructions: BUY FIN:AAPL 2000
instructions: BUY FIN:AAPL 2000
instructions: BUY FIN:AAPL 2000instructions: BUY FIN:AAPL 2000
instructions: BUY FIN:AAPL 2000
SELL FIN:ABBB 1000instructions: BUY FIN:AAPL 2000instructions: BUY FIN:AAPL 2000instructions: BUY FIN:GOOGL 1000
instructions: BUY FIN:AAPL 2000
instructions: BUY FIN:AAPL 1000
BUY FIN:GOOGL 500
instructions: BUY FIN:AAPL 2000
instructions: BUY FIN:AAPL 2000
instructions: BUY FIN:AAPL 1000
BUY FIN:GOOGL 500
instructions: BUY FIN:AAPL 2000
instructions: BUY FIN:AAPL 2000
instructions: BUY FIN:AAPL 2000instructions: BUY FIN:AAPL 2000
instructions: BUY FIN:AAPL 2000
instructions: BUY FIN:AAPL 2000
instructions: BUY FIN:AAPL 2000
instructions: BUY FIN:AAPL 2000
instructions: BUY FIN:AAPL 2000
instructions: BUY FIN:AAPL 1000
SELL FIN:GOOGL 1000instructions: BUY FIN:AAPL 2000
instructions: BUY FIN:AAPL 2000
instructions: BUY FIN:AAPL 2000
instructions: BUY FIN:AAPL 2000
instructions: BUY FIN:AAPL 2000
instructions: BUY FIN:AAPL 2000
instructions: BUY FIN:AAPL 2000
instructions: BUY FIN:AAPL 2000
instructions: BUY FIN:AAPL 2000
instructions: BUY FIN:AAPL 2000
instructions: BUY FIN:AAPL 2000
instructions: BUY FIN:AAPL 2000
instructions: BUY FIN:AAPL 2000
instructions: BUY FIN:AAPL 2000
instructions: BUY FIN:AAPL 2000
instructions: BUY FIN:AAPL 2000instructions: BUY FIN:AAPL 2000
instructions: BUY FIN:AAPL 2000
BUY FIN:GOOGL 1000
instructions: BUY FIN:AAPL 2000
instructions: BUY FIN:AAPL 2000
SELL FIN:BANNON 1000
instructions: BUY FIN:AAPL 2000
instructions: BUY FIN:AAPL 2000
instructions: BUY FIN:AAPL 1000
SELL FIN:GOOGL 500instructions: BUY FIN:AAPL 1000
SELL FIN:GOOGL 500
instructions: BUY FIN:AAPL 2000
instructions: BUY FIN:AAPL 2000
instructions: BUY FIN:AAPL 2000
instructions: BUY FIN:AAPL 2000
instructions: BUY FIN:AAPL 2000
instructions: BUY FIN:AAPL 10000
instructions: BUY FIN:AAPL 10000instructions: BUY FIN:AAPL 2000
instructions: BUY FIN:AAPL 2000
instructions: BUY FIN:NYG 10000
BUY FIN:DJ 10000
BUY FIN:WWE 10000instructions: BUY FIN:NYT 10000instructions: BUY FIN:AAPL 2000instructions: BUY FIN:AAPL 10000
SELL FIN:ABBB 10000
instructions: BUY FIN:GRKZF 2000
instructions: BUY FIN:AAPL 10000
BUY FIN:GOOGL 1000instructions: BUY FIN:AAPL 2000
instructions: BUY FIN:AAPL 2000
instructions: BUY FIN:AAPL 2000
instructions: BUY FIN:AAPL 2000
instructions: BUY FIN:AAPL 2000
instructions: BUY FIN:AAPL 5000
BUY FIN:GOOGL 1000instructions: BUY FIN:AAPL 1000
instructions: BUY FIN:AAPL 2000
instructions: BUY FIN:AAPL 1000instructions: BUY FIN:AAPL 2000
BUY FIN:GOOGL 1000
instructions: BUY FIN:GRKZF 5000
SELL FIN:NYT 1000
instructions: BUY FIN:AAPL 2000
instructions: BUY FIN:AAPL 2000
instructions: BUY FIN:AAPL 2000
instructions: BUY FIN:AAPL 2000
instructions: BUY FIN:AAPL 2000
instructions: BUY FIN:AAPL 2000
instructions: BUY FIN:AAPL 2000
instructions: BUY FIN:RAMS 1000
BUY FIN:AZCAR 1000
instructions: BUY FIN:AAPL 2000
instructions: BUY FIN:AAPL 2000
instructions: BUY FIN:AAPL 2000
instructions: BUY FIN:AAPL 1000
BUY FIN:GOOGL 1000
instructions: BUY FIN:GOOGL 1000
instructions: BUY FIN:AAPL 2000
SELL FIN:GOOGL 1000
instructions: BUY FIN:AAPL 2000
instructions: BUY FIN:AAPL 2000
instructions: BUY FIN:AAPL 1000instructions: BUY FIN:AAPL 2000
instructions: BUY FIN:AAPL 2000instructions: BUY FIN:AAPL 2000
instructions: BUY FIN:AAPL 1000
BUY FIN:GOOGL 1000
instructions: BUY FIN:STLD 2000instructions: BUY FIN:AAPL 1000instructions: BUY FIN:AAPL 1000instructions: BUY FIN:AAPL 2000
instructions: BUY FIN:AAPL 2000
instructions: BUY FIN:AAPL 2000
instructions: BUY FIN:AAPL 1000
instructions: BUY FIN:AAPL 2000
instructions: BUY FIN:AAPL 2000
instructions: BUY FIN:AAPL 2000
instructions: BUY FIN:AAPL 1000instructions: BUY FIN:CBU 1000
instructions: BUY FIN:AAPL 2000
instructions: BUY FIN:AAPL 2000
instructions: BUY FIN:AAPL 1000instructions: BUY FIN:AAPL 2000
instructions: BUY FIN:AAPL 2000instructions: BUY FIN:AAPL 2000
instructions: BUY FIN:AAPL 2000
instructions: BUY FIN:AAPL 2000
instructions: BUY FIN:AAPL 2000
instructions: BUY FIN:AAPL 2000instructions: BUY FIN:AAPL 2000
instructions: BUY FIN:AAPL 2000
instructions: BUY FIN:AAPL 2000
instructions: BUY FIN:AAPL 2000instructions: BUY FIN:AAPL 2000
instructions: BUY FIN:AAPL 1000
instructions: BUY FIN:AAPL 2000
instructions: BUY FIN:AAPL 2000
instructions: BUY FIN:AAPL 2000instructions: BUY FIN:AAPL 2000instructions: BUY FIN:AAPL 2000
instructions: BUY FIN:AAPL 1000
instructions: BUY FIN:AAPL 2000
instructions: BUY FIN:AAPL 1000
instructions: BUY FIN:AAPL 2000
instructions: BUY FIN:AAPL 1000
instructions: BUY FIN:AAPL 2000
instructions: BUY FIN:AAPL 2000
instructions: BUY FIN:AAPL 2000
instructions: BUY FIN:AAPL 1000
BUY FIN:GOOGL 500instructions: BUY FIN:NYT 1000
BUY FIN:GOOGL 1000
instructions: BUY FIN:AAPL 2000
instructions: BUY FIN:AAPL 1000
SELL FIN:GOOGL 1000instructions: BUY FIN:AAPL 2000
instructions: BUY FIN:AAPL 2000
instructions: BUY FIN:AAPL 2000
instructions: BUY FIN:AAPL 2000
instructions: BUY FIN:AAPL 2000instructions: BUY FIN:AAPL 2000instructions: BUY FIN:AAPL 2000instructions: BUY FIN:AAPL 1000
BUY FIN:GOOGL 1000instructions: BUY FIN:AAPL 2000
instructions: BUY FIN:AAPL 1000
SELL FIN:GOOGL 1000
instructions: BUY FIN:AAPL 1000
SELL FIN:GOOGL 1000
instructions: BUY FIN:AAPL 1000
BUY FIN:ABBB 1000
BUY FIN:GOOGL 1000
instructions: BUY FIN:AAPL 1000instructions: BUY FIN:AAPL 1000instructions: BUY FIN:AAPL 2000
instructions: BUY FIN:AAPL 2000
instructions: BUY FIN:AAPL 2000instructions: BUY FIN:AAPL 2000
instructions: BUY FIN:AAPL 2000
instructions: BUY FIN:AAPL 2000
instructions: BUY FIN:AAPL 3000
instructions: BUY FIN:AAPL 1000
SELL FIN:GOOGL 1000
instructions: BUY FIN:AAPL 2000
instructions: BUY FIN:AAPL 2000
instructions: BUY FIN:AAPL 2000instructions: BUY FIN:AAPL 2000
instructions: BUY FIN:AAPL 2000
instructions: BUY FIN:AAPL 2000instructions: BUY FIN:AAPL 2000
instructions: BUY FIN:AAPL 1000
instructions: BUY FIN:AAPL 1000
BUY FIN:GOOGL 1000instructions: BUY WEB:AEWDynamite 1000
BUY WEB:PTD_ON_STAGE_SEOUL 1000instructions: BUY FIN:AAPL 1000
instructions: BUY WEB:TURNINGRED 1000
BUY WEB:WWE 500
BUY WEB:BIGE 300
instructions: BUY FIN:AAPL 1000
SELL FIN:GOOGL 1000instructions: BUY FIN:AAPL 2000
instructions: BUY FIN:AAPL 1000
instructions: BUY FIN:AAPL 1000
BUY FIN:GOOGL 1000
instructions: BUY FIN:AAPL 2000
instructions: BUY FIN:WBS 2000instructions: BUY FIN:AAPL 2000
instructions: BUY FIN:AAPL 1000
BUY FIN:STLD 1000
SELL FIN:GOOGL 1000
SELL FIN:NYT 1000
instructions: BUY FIN:AAPL 2000
instructions: BUY FIN:AAPL 2000
instructions: BUY FIN:AAPL 2000
instructions: BUY FIN:AAPL 2000
instructions: BUY FIN:EHTH 50000
instructions: BUY FIN:TW 20000
instructions: BUY FIN:AI 5000instructions: BUY FIN:FOXA 5000
instructions: BUY FIN:TMUS 20000
instructions: BUY FIN:OCFT 50000
instructions: SELL FIN:TW 10000
instructions: SELL FIN:TW 10000
instructions: BUY FIN:IONQ 10000
instructions: BUY FIN:AAPL 20000
instructions: BUY FIN:TW 20000
instructions: BUY FIN:WWE 10000
instructions: BUY FIN:AAPL 2000
instructions: BUY FIN:AAPL 20000
instructions: BUY FIN:AAPL 20000
instructions: BUY FIN:AAPL 20000
instructions: BUY FIN:BATRK 20000
instructions: BUY FIN:SOFI 5000instructions: BUY FIN:AAPL 20000
instructions: BUY FIN:AAPL 20000
instructions: BUY FIN:AAPL 20000
instructions: BUY FIN:AUDC 20000
instructions: BUY FIN:AAPL 20000
instructions: BUY FIN:RWAYL 10000
instructions: BUY FIN:DAL 20000
instructions: BUY FIN:AAPL 10000
instructions: BUY FIN:AAPL 10000
instructions: BUY FIN:AAPL 10000
instructions: BUY FIN:AAPL 10000instructions: BUY FIN:AAPL 10000
BUY FIN:WWE 5000instructions: BUY FIN:THNOF 10000instructions: BUY FIN:AAPL 10000
BUY FIN:IONQ 5000instructions: BUY FIN:WWE 10000
instructions: BUY FIN:AAPL 10000instructions: SELL FIN:AAPL 5000
SELL FIN:TMUS 2000
SELL FIN:WWE 5000
BUY FIN:THNOF 5000
BUY FIN:SOFI 2000instructions: BUY FIN:NWSA 10000
instructions: SELL FIN:AAPL 5000
BUY FIN:IONQ 5000
instructions: BUY FIN:AAPL 10000
instructions: BUY FIN:ZM 10000
instructions: BUY FIN:AAPL 20000instructions: BUY FIN:NWSA 10000
instructions: BUY FIN:AAPL 20000
instructions: BUY FIN:SNX 10000
instructions: BUY FIN:AAPL 10000
instructions: BUY FIN:AAPL 10000
instructions: BUY FIN:AAPL 10000instructions: BUY FIN:LSXMK 10000
instructions: BUY FIN:AAPL 10000
instructions: BUY FIN:HCA 10000
instructions: BUY FIN:ZM 10000
instructions: SELL FIN:EHTH 1207.437821
WAIT
instructions: BUY FIN:DIS 10000
BUY FIN:FOXA 10000
BUY FIN:AAPL 10000
instructions: BUY FIN:DIS 10000
instructions: BUY FIN:AAPL 10000
instructions: BUY FIN:AAPL 10000
instructions: BUY FIN:UA 10000
instructions: SELL FIN:AAPL 10000
SELL FIN:DIS 10000instructions: BUY FIN:TPVG 10000
instructions: BUY FIN:CXM 10000
instructions: BUY FIN:DIS 10000
instructions: BUY FIN:NWSA 10000
instructions: BUY FIN:AAPL 10000
instructions: BUY FIN:EBS 10000
instructions: BUY FIN:UA 10000
instructions: BUY FIN:AAPL 10000
instructions: BUY FIN:AAPL 10000
instructions: BUY FIN:DKNG 10000
instructions: BUY FIN:AAPL 10000instructions: BUY FIN:GTES 10000
instructions: BUY FIN:AAPL 10000
instructions: BUY FIN:EFX 10000
instructions: BUY FIN:FOXA 10000
instructions: BUY FIN:NWSA 10000
instructions: BUY FIN:NXGN 10000
instructions: BUY FIN:AAPL 10000
instructions: BUY FIN:AAPL 10000
instructions: BUY FIN:NVAX 10000
instructions: BUY FIN:AAPL 10000
instructions: BUY FIN:TSLA 10000
instructions: BUY FIN:HOOD 10000
instructions: BUY FIN:CYBR 10000
instructions: BUY FIN:NWSA 10000
instructions: SELL FIN:NWSA 5000
instructions: BUY FIN:DIS 10000
instructions: BUY FIN:AAPL 5000
BUY FIN:AMZN 3000instructions: BUY FIN:AAPL 2730instructions: BUY FIN:AAPL 2000
instructions: BUY FIN:AAPL 2000
instructions: BUY FIN:AAPL 2000
instructions: SELL FIN:AAPL 2000
instructions: BUY FIN:AAPL 2000
instructions: SELL FIN:AAPL 5000
instructions: BUY FIN:AAPL 10000
instructions: BUY FIN:ALSN 1000
instructions: BUY FIN:AAPL 2000instructions: BUY FIN:AAPL 2000
instructions: BUY FIN:AAPL 5000instructions: BUY FIN:EHTH 2000
instructions: BUY FIN:AAPL 3000
instructions: BUY FIN:WB 1000
instructions: BUY FIN:AAPL 2000
instructions: BUY FIN:WWE 2000
instructions: BUY FIN:AAPL 2000
instructions: BUY FIN:ONTO 2000
instructions: BUY FIN:MYNA 1000
instructions: BUY FIN:AAPL 2000
instructions: BUY FIN:SOVO 10000
instructions: BUY FIN:NXGN 10000
instructions: BUY FIN:ROK 2000
instructions: BUY FIN:AAPL 2000instructions: BUY FIN:AI 10000instructions: BUY FIN:AAPL 2000
instructions: BUY FIN:AAPL 2000instructions: BUY FIN:EFX 10000
instructions: BUY FIN:GME 2000
instructions: BUY FIN:AMZN 20000
instructions: BUY FIN:ASO 10000
instructions: BUY FIN:EHTH 2000
instructions: BUY FIN:AAPL 2000
instructions: BUY FIN:AAPL 2000
instructions: BUY FIN:ESLT 10000
instructions: BUY FIN:AAPL 10000instructions: BUY FIN:AAPL 10000
instructions: BUY FIN:AAPL 100000instructions: BUY FIN:AAPL 10000instructions: BUY FIN:AAPL 610instructions: BUY FIN:FOXA 2000
instructions: BUY FIN:AAPL 2000instructions: BUY FIN:AAPL 2000
